Analysis & Synthesis report for ECE385Lab6
Tue Mar 03 16:07:36 2015
Quartus II 64-Bit Version 14.1.0 Build 186 12/03/2014 SJ Web Edition


---------------------
; Table of Contents ;
---------------------
  1. Legal Notice
  2. Analysis & Synthesis Summary
  3. Analysis & Synthesis Settings
  4. Parallel Compilation
  5. Analysis & Synthesis Source Files Read
  6. Analysis & Synthesis Resource Usage Summary
  7. Analysis & Synthesis Resource Utilization by Entity
  8. State Machine - |SLC3|processor:CPU|ISDU:control|State
  9. Registers Removed During Synthesis
 10. General Register Statistics
 11. Multiplexer Restructuring Statistics (Restructuring Performed)
 12. Port Connectivity Checks: "Mem2IO:MEMIO"
 13. Port Connectivity Checks: "processor:CPU|mux_4x1:ADDR2MUX_mux"
 14. Port Connectivity Checks: "processor:CPU|mux_4x1:DRMUX_mux"
 15. Port Connectivity Checks: "processor:CPU|mux_4x1:SR1MUX_mux"
 16. Port Connectivity Checks: "processor:CPU|mux_2x1:MARMUX_mux"
 17. Port Connectivity Checks: "processor:CPU|carry_select_adder_16:PC_adder"
 18. Port Connectivity Checks: "processor:CPU|mux_4x1:PC_mux"
 19. Port Connectivity Checks: "processor:CPU"
 20. Post-Synthesis Netlist Statistics for Top Partition
 21. Elapsed Time Per Partition
 22. Analysis & Synthesis Messages
 23. Analysis & Synthesis Suppressed Messages



----------------
; Legal Notice ;
----------------
Copyright (C) 1991-2014 Altera Corporation. All rights reserved.
Your use of Altera Corporation's design tools, logic functions 
and other software and tools, and its AMPP partner logic 
functions, and any output files from any of the foregoing 
(including device programming or simulation files), and any 
associated documentation or information are expressly subject 
to the terms and conditions of the Altera Program License 
Subscription Agreement, the Altera Quartus II License Agreement,
the Altera MegaCore Function License Agreement, or other 
applicable license agreement, including, without limitation, 
that your use is for the sole purpose of programming logic 
devices manufactured by Altera and sold by Altera or its 
authorized distributors.  Please refer to the applicable 
agreement for further details.



+---------------------------------------------------------------------------------+
; Analysis & Synthesis Summary                                                    ;
+------------------------------------+--------------------------------------------+
; Analysis & Synthesis Status        ; Successful - Tue Mar 03 16:07:36 2015      ;
; Quartus II 64-Bit Version          ; 14.1.0 Build 186 12/03/2014 SJ Web Edition ;
; Revision Name                      ; ECE385Lab6                                 ;
; Top-level Entity Name              ; SLC3                                       ;
; Family                             ; Cyclone IV E                               ;
; Total logic elements               ; 718                                        ;
;     Total combinational functions  ; 547                                        ;
;     Dedicated logic registers      ; 237                                        ;
; Total registers                    ; 237                                        ;
; Total pins                         ; 101                                        ;
; Total virtual pins                 ; 0                                          ;
; Total memory bits                  ; 0                                          ;
; Embedded Multiplier 9-bit elements ; 0                                          ;
; Total PLLs                         ; 0                                          ;
+------------------------------------+--------------------------------------------+


+----------------------------------------------------------------------------------------------------------------------+
; Analysis & Synthesis Settings                                                                                        ;
+----------------------------------------------------------------------------+--------------------+--------------------+
; Option                                                                     ; Setting            ; Default Value      ;
+----------------------------------------------------------------------------+--------------------+--------------------+
; Device                                                                     ; EP4CE115F29C7      ;                    ;
; Top-level entity name                                                      ; SLC3               ; ECE385Lab6         ;
; Family name                                                                ; Cyclone IV E       ; Cyclone IV GX      ;
; Use smart compilation                                                      ; Off                ; Off                ;
; Enable parallel Assembler and TimeQuest Timing Analyzer during compilation ; On                 ; On                 ;
; Enable compact report table                                                ; Off                ; Off                ;
; Restructure Multiplexers                                                   ; Auto               ; Auto               ;
; Create Debugging Nodes for IP Cores                                        ; Off                ; Off                ;
; Preserve fewer node names                                                  ; On                 ; On                 ;
; Disable OpenCore Plus hardware evaluation                                  ; Off                ; Off                ;
; Verilog Version                                                            ; Verilog_2001       ; Verilog_2001       ;
; VHDL Version                                                               ; VHDL_1993          ; VHDL_1993          ;
; State Machine Processing                                                   ; Auto               ; Auto               ;
; Safe State Machine                                                         ; Off                ; Off                ;
; Extract Verilog State Machines                                             ; On                 ; On                 ;
; Extract VHDL State Machines                                                ; On                 ; On                 ;
; Ignore Verilog initial constructs                                          ; Off                ; Off                ;
; Iteration limit for constant Verilog loops                                 ; 5000               ; 5000               ;
; Iteration limit for non-constant Verilog loops                             ; 250                ; 250                ;
; Add Pass-Through Logic to Inferred RAMs                                    ; On                 ; On                 ;
; Infer RAMs from Raw Logic                                                  ; On                 ; On                 ;
; Parallel Synthesis                                                         ; On                 ; On                 ;
; DSP Block Balancing                                                        ; Auto               ; Auto               ;
; NOT Gate Push-Back                                                         ; On                 ; On                 ;
; Power-Up Don't Care                                                        ; On                 ; On                 ;
; Remove Redundant Logic Cells                                               ; Off                ; Off                ;
; Remove Duplicate Registers                                                 ; On                 ; On                 ;
; Ignore CARRY Buffers                                                       ; Off                ; Off                ;
; Ignore CASCADE Buffers                                                     ; Off                ; Off                ;
; Ignore GLOBAL Buffers                                                      ; Off                ; Off                ;
; Ignore ROW GLOBAL Buffers                                                  ; Off                ; Off                ;
; Ignore LCELL Buffers                                                       ; Off                ; Off                ;
; Ignore SOFT Buffers                                                        ; On                 ; On                 ;
; Limit AHDL Integers to 32 Bits                                             ; Off                ; Off                ;
; Optimization Technique                                                     ; Balanced           ; Balanced           ;
; Carry Chain Length                                                         ; 70                 ; 70                 ;
; Auto Carry Chains                                                          ; On                 ; On                 ;
; Auto Open-Drain Pins                                                       ; On                 ; On                 ;
; Perform WYSIWYG Primitive Resynthesis                                      ; Off                ; Off                ;
; Auto ROM Replacement                                                       ; On                 ; On                 ;
; Auto RAM Replacement                                                       ; On                 ; On                 ;
; Auto DSP Block Replacement                                                 ; On                 ; On                 ;
; Auto Shift Register Replacement                                            ; Auto               ; Auto               ;
; Allow Shift Register Merging across Hierarchies                            ; Auto               ; Auto               ;
; Auto Clock Enable Replacement                                              ; On                 ; On                 ;
; Strict RAM Replacement                                                     ; Off                ; Off                ;
; Allow Synchronous Control Signals                                          ; On                 ; On                 ;
; Force Use of Synchronous Clear Signals                                     ; Off                ; Off                ;
; Auto RAM Block Balancing                                                   ; On                 ; On                 ;
; Auto RAM to Logic Cell Conversion                                          ; Off                ; Off                ;
; Auto Resource Sharing                                                      ; Off                ; Off                ;
; Allow Any RAM Size For Recognition                                         ; Off                ; Off                ;
; Allow Any ROM Size For Recognition                                         ; Off                ; Off                ;
; Allow Any Shift Register Size For Recognition                              ; Off                ; Off                ;
; Use LogicLock Constraints during Resource Balancing                        ; On                 ; On                 ;
; Ignore translate_off and synthesis_off directives                          ; Off                ; Off                ;
; Timing-Driven Synthesis                                                    ; On                 ; On                 ;
; Report Parameter Settings                                                  ; On                 ; On                 ;
; Report Source Assignments                                                  ; On                 ; On                 ;
; Report Connectivity Checks                                                 ; On                 ; On                 ;
; Ignore Maximum Fan-Out Assignments                                         ; Off                ; Off                ;
; Synchronization Register Chain Length                                      ; 2                  ; 2                  ;
; PowerPlay Power Optimization During Synthesis                              ; Normal compilation ; Normal compilation ;
; HDL message level                                                          ; Level2             ; Level2             ;
; Suppress Register Optimization Related Messages                            ; Off                ; Off                ;
; Number of Removed Registers Reported in Synthesis Report                   ; 5000               ; 5000               ;
; Number of Swept Nodes Reported in Synthesis Report                         ; 5000               ; 5000               ;
; Number of Inverted Registers Reported in Synthesis Report                  ; 100                ; 100                ;
; Clock MUX Protection                                                       ; On                 ; On                 ;
; Auto Gated Clock Conversion                                                ; Off                ; Off                ;
; Block Design Naming                                                        ; Auto               ; Auto               ;
; SDC constraint protection                                                  ; Off                ; Off                ;
; Synthesis Effort                                                           ; Auto               ; Auto               ;
; Shift Register Replacement - Allow Asynchronous Clear Signal               ; On                 ; On                 ;
; Pre-Mapping Resynthesis Optimization                                       ; Off                ; Off                ;
; Analysis & Synthesis Message Level                                         ; Medium             ; Medium             ;
; Disable Register Merging Across Hierarchies                                ; Auto               ; Auto               ;
; Resource Aware Inference For Block RAM                                     ; On                 ; On                 ;
; Synthesis Seed                                                             ; 1                  ; 1                  ;
+----------------------------------------------------------------------------+--------------------+--------------------+


Parallel compilation was disabled, but you have multiple processors available. Enable parallel compilation to reduce compilation time.
+-------------------------------------+
; Parallel Compilation                ;
+----------------------------+--------+
; Processors                 ; Number ;
+----------------------------+--------+
; Number detected on machine ; 8      ;
; Maximum allowed            ; 1      ;
+----------------------------+--------+


+-------------------------------------------------------------------------------------------------------------------------------------------------------------------+
; Analysis & Synthesis Source Files Read                                                                                                                            ;
+----------------------------------+-----------------+------------------------------+---------------------------------------------------------------------+---------+
; File Name with User-Entered Path ; Used in Netlist ; File Type                    ; File Name with Absolute Path                                        ; Library ;
+----------------------------------+-----------------+------------------------------+---------------------------------------------------------------------+---------+
; ALU_K.sv                         ; yes             ; User SystemVerilog HDL File  ; C:/Users/Sunny/Documents/GitHub/ECE385Lab6/ALU_K.sv                 ;         ;
; SEXT11.sv                        ; yes             ; User SystemVerilog HDL File  ; C:/Users/Sunny/Documents/GitHub/ECE385Lab6/SEXT11.sv                ;         ;
; SEXT9.sv                         ; yes             ; User SystemVerilog HDL File  ; C:/Users/Sunny/Documents/GitHub/ECE385Lab6/SEXT9.sv                 ;         ;
; SEXT6.sv                         ; yes             ; User SystemVerilog HDL File  ; C:/Users/Sunny/Documents/GitHub/ECE385Lab6/SEXT6.sv                 ;         ;
; SEXT5.sv                         ; yes             ; User SystemVerilog HDL File  ; C:/Users/Sunny/Documents/GitHub/ECE385Lab6/SEXT5.sv                 ;         ;
; regfile.sv                       ; yes             ; User SystemVerilog HDL File  ; C:/Users/Sunny/Documents/GitHub/ECE385Lab6/regfile.sv               ;         ;
; reg_3.sv                         ; yes             ; User SystemVerilog HDL File  ; C:/Users/Sunny/Documents/GitHub/ECE385Lab6/reg_3.sv                 ;         ;
; reg_1.sv                         ; yes             ; User SystemVerilog HDL File  ; C:/Users/Sunny/Documents/GitHub/ECE385Lab6/reg_1.sv                 ;         ;
; nzp_logic.sv                     ; yes             ; User SystemVerilog HDL File  ; C:/Users/Sunny/Documents/GitHub/ECE385Lab6/nzp_logic.sv             ;         ;
; tri_buffer_16.sv                 ; yes             ; User SystemVerilog HDL File  ; C:/Users/Sunny/Documents/GitHub/ECE385Lab6/tri_buffer_16.sv         ;         ;
; SLC3.sv                          ; yes             ; User SystemVerilog HDL File  ; C:/Users/Sunny/Documents/GitHub/ECE385Lab6/SLC3.sv                  ;         ;
; reg_16.sv                        ; yes             ; User SystemVerilog HDL File  ; C:/Users/Sunny/Documents/GitHub/ECE385Lab6/reg_16.sv                ;         ;
; processor.sv                     ; yes             ; User SystemVerilog HDL File  ; C:/Users/Sunny/Documents/GitHub/ECE385Lab6/processor.sv             ;         ;
; mux_4x1.sv                       ; yes             ; User SystemVerilog HDL File  ; C:/Users/Sunny/Documents/GitHub/ECE385Lab6/mux_4x1.sv               ;         ;
; mux_2x1.sv                       ; yes             ; User SystemVerilog HDL File  ; C:/Users/Sunny/Documents/GitHub/ECE385Lab6/mux_2x1.sv               ;         ;
; Mem2IO.sv                        ; yes             ; User SystemVerilog HDL File  ; C:/Users/Sunny/Documents/GitHub/ECE385Lab6/Mem2IO.sv                ;         ;
; ISDU.sv                          ; yes             ; User SystemVerilog HDL File  ; C:/Users/Sunny/Documents/GitHub/ECE385Lab6/ISDU.sv                  ;         ;
; HexDriver.sv                     ; yes             ; User SystemVerilog HDL File  ; C:/Users/Sunny/Documents/GitHub/ECE385Lab6/HexDriver.sv             ;         ;
; carry_select_adder_16.sv         ; yes             ; User SystemVerilog HDL File  ; C:/Users/Sunny/Documents/GitHub/ECE385Lab6/carry_select_adder_16.sv ;         ;
+----------------------------------+-----------------+------------------------------+---------------------------------------------------------------------+---------+


+---------------------------------------------------------+
; Analysis & Synthesis Resource Usage Summary             ;
+---------------------------------------------+-----------+
; Resource                                    ; Usage     ;
+---------------------------------------------+-----------+
; Estimated Total logic elements              ; 718       ;
;                                             ;           ;
; Total combinational functions               ; 547       ;
; Logic element usage by number of LUT inputs ;           ;
;     -- 4 input functions                    ; 386       ;
;     -- 3 input functions                    ; 110       ;
;     -- <=2 input functions                  ; 51        ;
;                                             ;           ;
; Logic elements by mode                      ;           ;
;     -- normal mode                          ; 502       ;
;     -- arithmetic mode                      ; 45        ;
;                                             ;           ;
; Total registers                             ; 237       ;
;     -- Dedicated logic registers            ; 237       ;
;     -- I/O registers                        ; 0         ;
;                                             ;           ;
; I/O pins                                    ; 101       ;
;                                             ;           ;
; Embedded Multiplier 9-bit elements          ; 0         ;
;                                             ;           ;
; Maximum fan-out node                        ; Clk~input ;
; Maximum fan-out                             ; 237       ;
; Total fan-out                               ; 2909      ;
; Average fan-out                             ; 2.90      ;
+---------------------------------------------+-----------+


+------------------------------------------------------------------------------------------------------------------------------------------------------------------------------------------------------------------------+
; Analysis & Synthesis Resource Utilization by Entity                                                                                                                                                                    ;
+----------------------------------------+-------------------+--------------+-------------+--------------+---------+-----------+------+--------------+----------------------------------------------------+--------------+
; Compilation Hierarchy Node             ; LC Combinationals ; LC Registers ; Memory Bits ; DSP Elements ; DSP 9x9 ; DSP 18x18 ; Pins ; Virtual Pins ; Full Hierarchy Name                                ; Library Name ;
+----------------------------------------+-------------------+--------------+-------------+--------------+---------+-----------+------+--------------+----------------------------------------------------+--------------+
; |SLC3                                  ; 547 (0)           ; 237 (0)      ; 0           ; 0            ; 0       ; 0         ; 101  ; 0            ; |SLC3                                              ; work         ;
;    |HexDriver:out0|                    ; 7 (7)             ; 0 (0)        ; 0           ; 0            ; 0       ; 0         ; 0    ; 0            ; |SLC3|HexDriver:out0                               ; work         ;
;    |HexDriver:out1|                    ; 7 (7)             ; 0 (0)        ; 0           ; 0            ; 0       ; 0         ; 0    ; 0            ; |SLC3|HexDriver:out1                               ; work         ;
;    |HexDriver:out2|                    ; 7 (7)             ; 0 (0)        ; 0           ; 0            ; 0       ; 0         ; 0    ; 0            ; |SLC3|HexDriver:out2                               ; work         ;
;    |HexDriver:out3|                    ; 7 (7)             ; 0 (0)        ; 0           ; 0            ; 0       ; 0         ; 0    ; 0            ; |SLC3|HexDriver:out3                               ; work         ;
;    |Mem2IO:MEMIO|                      ; 23 (23)           ; 16 (16)      ; 0           ; 0            ; 0       ; 0         ; 0    ; 0            ; |SLC3|Mem2IO:MEMIO                                 ; work         ;
;    |processor:CPU|                     ; 496 (28)          ; 221 (0)      ; 0           ; 0            ; 0       ; 0         ; 0    ; 0            ; |SLC3|processor:CPU                                ; work         ;
;       |ALU_K:ALU|                      ; 17 (17)           ; 0 (0)        ; 0           ; 0            ; 0       ; 0         ; 0    ; 0            ; |SLC3|processor:CPU|ALU_K:ALU                      ; work         ;
;       |ISDU:control|                   ; 37 (37)           ; 25 (25)      ; 0           ; 0            ; 0       ; 0         ; 0    ; 0            ; |SLC3|processor:CPU|ISDU:control                   ; work         ;
;       |carry_select_adder_16:PC_adder| ; 16 (16)           ; 0 (0)        ; 0           ; 0            ; 0       ; 0         ; 0    ; 0            ; |SLC3|processor:CPU|carry_select_adder_16:PC_adder ; work         ;
;       |mux_2x1:ADDR1MUX_mux|           ; 16 (16)           ; 0 (0)        ; 0           ; 0            ; 0       ; 0         ; 0    ; 0            ; |SLC3|processor:CPU|mux_2x1:ADDR1MUX_mux           ; work         ;
;       |mux_2x1:SR2MUX_mux|             ; 95 (95)           ; 0 (0)        ; 0           ; 0            ; 0       ; 0         ; 0    ; 0            ; |SLC3|processor:CPU|mux_2x1:SR2MUX_mux             ; work         ;
;       |mux_4x1:ADDR2MUX_mux|           ; 7 (7)             ; 0 (0)        ; 0           ; 0            ; 0       ; 0         ; 0    ; 0            ; |SLC3|processor:CPU|mux_4x1:ADDR2MUX_mux           ; work         ;
;       |mux_4x1:DRMUX_mux|              ; 2 (2)             ; 0 (0)        ; 0           ; 0            ; 0       ; 0         ; 0    ; 0            ; |SLC3|processor:CPU|mux_4x1:DRMUX_mux              ; work         ;
;       |mux_4x1:SR1MUX_mux|             ; 3 (3)             ; 0 (0)        ; 0           ; 0            ; 0       ; 0         ; 0    ; 0            ; |SLC3|processor:CPU|mux_4x1:SR1MUX_mux             ; work         ;
;       |nzp_logic:NZP_logic|            ; 5 (5)             ; 0 (0)        ; 0           ; 0            ; 0       ; 0         ; 0    ; 0            ; |SLC3|processor:CPU|nzp_logic:NZP_logic            ; work         ;
;       |reg_16:IR|                      ; 1 (1)             ; 16 (16)      ; 0           ; 0            ; 0       ; 0         ; 0    ; 0            ; |SLC3|processor:CPU|reg_16:IR                      ; work         ;
;       |reg_16:MAR|                     ; 18 (18)           ; 16 (16)      ; 0           ; 0            ; 0       ; 0         ; 0    ; 0            ; |SLC3|processor:CPU|reg_16:MAR                     ; work         ;
;       |reg_16:MDR|                     ; 1 (1)             ; 16 (16)      ; 0           ; 0            ; 0       ; 0         ; 0    ; 0            ; |SLC3|processor:CPU|reg_16:MDR                     ; work         ;
;       |reg_16:PC|                      ; 33 (33)           ; 16 (16)      ; 0           ; 0            ; 0       ; 0         ; 0    ; 0            ; |SLC3|processor:CPU|reg_16:PC                      ; work         ;
;       |reg_1:BEN_reg|                  ; 3 (3)             ; 1 (1)        ; 0           ; 0            ; 0       ; 0         ; 0    ; 0            ; |SLC3|processor:CPU|reg_1:BEN_reg                  ; work         ;
;       |reg_3:NZP_reg|                  ; 4 (4)             ; 3 (3)        ; 0           ; 0            ; 0       ; 0         ; 0    ; 0            ; |SLC3|processor:CPU|reg_3:NZP_reg                  ; work         ;
;       |regfile:REGFILE|                ; 90 (80)           ; 128 (0)      ; 0           ; 0            ; 0       ; 0         ; 0    ; 0            ; |SLC3|processor:CPU|regfile:REGFILE                ; work         ;
;          |reg_16:R0|                   ; 1 (1)             ; 16 (16)      ; 0           ; 0            ; 0       ; 0         ; 0    ; 0            ; |SLC3|processor:CPU|regfile:REGFILE|reg_16:R0      ; work         ;
;          |reg_16:R1|                   ; 2 (2)             ; 16 (16)      ; 0           ; 0            ; 0       ; 0         ; 0    ; 0            ; |SLC3|processor:CPU|regfile:REGFILE|reg_16:R1      ; work         ;
;          |reg_16:R2|                   ; 1 (1)             ; 16 (16)      ; 0           ; 0            ; 0       ; 0         ; 0    ; 0            ; |SLC3|processor:CPU|regfile:REGFILE|reg_16:R2      ; work         ;
;          |reg_16:R3|                   ; 1 (1)             ; 16 (16)      ; 0           ; 0            ; 0       ; 0         ; 0    ; 0            ; |SLC3|processor:CPU|regfile:REGFILE|reg_16:R3      ; work         ;
;          |reg_16:R4|                   ; 1 (1)             ; 16 (16)      ; 0           ; 0            ; 0       ; 0         ; 0    ; 0            ; |SLC3|processor:CPU|regfile:REGFILE|reg_16:R4      ; work         ;
;          |reg_16:R5|                   ; 2 (2)             ; 16 (16)      ; 0           ; 0            ; 0       ; 0         ; 0    ; 0            ; |SLC3|processor:CPU|regfile:REGFILE|reg_16:R5      ; work         ;
;          |reg_16:R6|                   ; 1 (1)             ; 16 (16)      ; 0           ; 0            ; 0       ; 0         ; 0    ; 0            ; |SLC3|processor:CPU|regfile:REGFILE|reg_16:R6      ; work         ;
;          |reg_16:R7|                   ; 1 (1)             ; 16 (16)      ; 0           ; 0            ; 0       ; 0         ; 0    ; 0            ; |SLC3|processor:CPU|regfile:REGFILE|reg_16:R7      ; work         ;
;       |tri_buffer_16:alu_gate|         ; 39 (39)           ; 0 (0)        ; 0           ; 0            ; 0       ; 0         ; 0    ; 0            ; |SLC3|processor:CPU|tri_buffer_16:alu_gate         ; work         ;
;       |tri_buffer_16:mdr_gate_PC|      ; 16 (16)           ; 0 (0)        ; 0           ; 0            ; 0       ; 0         ; 0    ; 0            ; |SLC3|processor:CPU|tri_buffer_16:mdr_gate_PC      ; work         ;
;       |tri_buffer_16:pc_gate|          ; 65 (65)           ; 0 (0)        ; 0           ; 0            ; 0       ; 0         ; 0    ; 0            ; |SLC3|processor:CPU|tri_buffer_16:pc_gate          ; work         ;
+----------------------------------------+-------------------+--------------+-------------+--------------+---------+-----------+------+--------------+----------------------------------------------------+--------------+
Note: For table entries with two numbers listed, the numbers in parentheses indicate the number of resources of the given type used by the specific entity alone. The numbers listed outside of parentheses indicate the total resources of the given type used by the specific entity and all of its sub-entities in the hierarchy.


Encoding Type:  One-Hot
+---------------------------------------------------------------------------------------------------------------------------------------------------------------------------------------------------------------------------------------------------------------------------------------------------------------------------------------------------------------------------------+
; State Machine - |SLC3|processor:CPU|ISDU:control|State                                                                                                                                                                                                                                                                                                                          ;
+----------------+--------------+--------------+--------------+------------+------------+--------------+--------------+------------+------------+------------+--------------+--------------+------------+------------+------------+------------+------------+------------+------------+--------------+--------------+------------+----------------+----------------+--------------+
; Name           ; State.S_16_3 ; State.S_16_2 ; State.S_16_1 ; State.S_23 ; State.S_27 ; State.S_25_2 ; State.S_25_1 ; State.S_22 ; State.S_07 ; State.S_06 ; State.S_04_2 ; State.S_04_1 ; State.S_12 ; State.S_00 ; State.S_09 ; State.S_05 ; State.S_01 ; State.S_32 ; State.S_35 ; State.S_33_2 ; State.S_33_1 ; State.S_18 ; State.PauseIR2 ; State.PauseIR1 ; State.Halted ;
+----------------+--------------+--------------+--------------+------------+------------+--------------+--------------+------------+------------+------------+--------------+--------------+------------+------------+------------+------------+------------+------------+------------+--------------+--------------+------------+----------------+----------------+--------------+
; State.Halted   ; 0            ; 0            ; 0            ; 0          ; 0          ; 0            ; 0            ; 0          ; 0          ; 0          ; 0            ; 0            ; 0          ; 0          ; 0          ; 0          ; 0          ; 0          ; 0          ; 0            ; 0            ; 0          ; 0              ; 0              ; 0            ;
; State.PauseIR1 ; 0            ; 0            ; 0            ; 0          ; 0          ; 0            ; 0            ; 0          ; 0          ; 0          ; 0            ; 0            ; 0          ; 0          ; 0          ; 0          ; 0          ; 0          ; 0          ; 0            ; 0            ; 0          ; 0              ; 1              ; 1            ;
; State.PauseIR2 ; 0            ; 0            ; 0            ; 0          ; 0          ; 0            ; 0            ; 0          ; 0          ; 0          ; 0            ; 0            ; 0          ; 0          ; 0          ; 0          ; 0          ; 0          ; 0          ; 0            ; 0            ; 0          ; 1              ; 0              ; 1            ;
; State.S_18     ; 0            ; 0            ; 0            ; 0          ; 0          ; 0            ; 0            ; 0          ; 0          ; 0          ; 0            ; 0            ; 0          ; 0          ; 0          ; 0          ; 0          ; 0          ; 0          ; 0            ; 0            ; 1          ; 0              ; 0              ; 1            ;
; State.S_33_1   ; 0            ; 0            ; 0            ; 0          ; 0          ; 0            ; 0            ; 0          ; 0          ; 0          ; 0            ; 0            ; 0          ; 0          ; 0          ; 0          ; 0          ; 0          ; 0          ; 0            ; 1            ; 0          ; 0              ; 0              ; 1            ;
; State.S_33_2   ; 0            ; 0            ; 0            ; 0          ; 0          ; 0            ; 0            ; 0          ; 0          ; 0          ; 0            ; 0            ; 0          ; 0          ; 0          ; 0          ; 0          ; 0          ; 0          ; 1            ; 0            ; 0          ; 0              ; 0              ; 1            ;
; State.S_35     ; 0            ; 0            ; 0            ; 0          ; 0          ; 0            ; 0            ; 0          ; 0          ; 0          ; 0            ; 0            ; 0          ; 0          ; 0          ; 0          ; 0          ; 0          ; 1          ; 0            ; 0            ; 0          ; 0              ; 0              ; 1            ;
; State.S_32     ; 0            ; 0            ; 0            ; 0          ; 0          ; 0            ; 0            ; 0          ; 0          ; 0          ; 0            ; 0            ; 0          ; 0          ; 0          ; 0          ; 0          ; 1          ; 0          ; 0            ; 0            ; 0          ; 0              ; 0              ; 1            ;
; State.S_01     ; 0            ; 0            ; 0            ; 0          ; 0          ; 0            ; 0            ; 0          ; 0          ; 0          ; 0            ; 0            ; 0          ; 0          ; 0          ; 0          ; 1          ; 0          ; 0          ; 0            ; 0            ; 0          ; 0              ; 0              ; 1            ;
; State.S_05     ; 0            ; 0            ; 0            ; 0          ; 0          ; 0            ; 0            ; 0          ; 0          ; 0          ; 0            ; 0            ; 0          ; 0          ; 0          ; 1          ; 0          ; 0          ; 0          ; 0            ; 0            ; 0          ; 0              ; 0              ; 1            ;
; State.S_09     ; 0            ; 0            ; 0            ; 0          ; 0          ; 0            ; 0            ; 0          ; 0          ; 0          ; 0            ; 0            ; 0          ; 0          ; 1          ; 0          ; 0          ; 0          ; 0          ; 0            ; 0            ; 0          ; 0              ; 0              ; 1            ;
; State.S_00     ; 0            ; 0            ; 0            ; 0          ; 0          ; 0            ; 0            ; 0          ; 0          ; 0          ; 0            ; 0            ; 0          ; 1          ; 0          ; 0          ; 0          ; 0          ; 0          ; 0            ; 0            ; 0          ; 0              ; 0              ; 1            ;
; State.S_12     ; 0            ; 0            ; 0            ; 0          ; 0          ; 0            ; 0            ; 0          ; 0          ; 0          ; 0            ; 0            ; 1          ; 0          ; 0          ; 0          ; 0          ; 0          ; 0          ; 0            ; 0            ; 0          ; 0              ; 0              ; 1            ;
; State.S_04_1   ; 0            ; 0            ; 0            ; 0          ; 0          ; 0            ; 0            ; 0          ; 0          ; 0          ; 0            ; 1            ; 0          ; 0          ; 0          ; 0          ; 0          ; 0          ; 0          ; 0            ; 0            ; 0          ; 0              ; 0              ; 1            ;
; State.S_04_2   ; 0            ; 0            ; 0            ; 0          ; 0          ; 0            ; 0            ; 0          ; 0          ; 0          ; 1            ; 0            ; 0          ; 0          ; 0          ; 0          ; 0          ; 0          ; 0          ; 0            ; 0            ; 0          ; 0              ; 0              ; 1            ;
; State.S_06     ; 0            ; 0            ; 0            ; 0          ; 0          ; 0            ; 0            ; 0          ; 0          ; 1          ; 0            ; 0            ; 0          ; 0          ; 0          ; 0          ; 0          ; 0          ; 0          ; 0            ; 0            ; 0          ; 0              ; 0              ; 1            ;
; State.S_07     ; 0            ; 0            ; 0            ; 0          ; 0          ; 0            ; 0            ; 0          ; 1          ; 0          ; 0            ; 0            ; 0          ; 0          ; 0          ; 0          ; 0          ; 0          ; 0          ; 0            ; 0            ; 0          ; 0              ; 0              ; 1            ;
; State.S_22     ; 0            ; 0            ; 0            ; 0          ; 0          ; 0            ; 0            ; 1          ; 0          ; 0          ; 0            ; 0            ; 0          ; 0          ; 0          ; 0          ; 0          ; 0          ; 0          ; 0            ; 0            ; 0          ; 0              ; 0              ; 1            ;
; State.S_25_1   ; 0            ; 0            ; 0            ; 0          ; 0          ; 0            ; 1            ; 0          ; 0          ; 0          ; 0            ; 0            ; 0          ; 0          ; 0          ; 0          ; 0          ; 0          ; 0          ; 0            ; 0            ; 0          ; 0              ; 0              ; 1            ;
; State.S_25_2   ; 0            ; 0            ; 0            ; 0          ; 0          ; 1            ; 0            ; 0          ; 0          ; 0          ; 0            ; 0            ; 0          ; 0          ; 0          ; 0          ; 0          ; 0          ; 0          ; 0            ; 0            ; 0          ; 0              ; 0              ; 1            ;
; State.S_27     ; 0            ; 0            ; 0            ; 0          ; 1          ; 0            ; 0            ; 0          ; 0          ; 0          ; 0            ; 0            ; 0          ; 0          ; 0          ; 0          ; 0          ; 0          ; 0          ; 0            ; 0            ; 0          ; 0              ; 0              ; 1            ;
; State.S_23     ; 0            ; 0            ; 0            ; 1          ; 0          ; 0            ; 0            ; 0          ; 0          ; 0          ; 0            ; 0            ; 0          ; 0          ; 0          ; 0          ; 0          ; 0          ; 0          ; 0            ; 0            ; 0          ; 0              ; 0              ; 1            ;
; State.S_16_1   ; 0            ; 0            ; 1            ; 0          ; 0          ; 0            ; 0            ; 0          ; 0          ; 0          ; 0            ; 0            ; 0          ; 0          ; 0          ; 0          ; 0          ; 0          ; 0          ; 0            ; 0            ; 0          ; 0              ; 0              ; 1            ;
; State.S_16_2   ; 0            ; 1            ; 0            ; 0          ; 0          ; 0            ; 0            ; 0          ; 0          ; 0          ; 0            ; 0            ; 0          ; 0          ; 0          ; 0          ; 0          ; 0          ; 0          ; 0            ; 0            ; 0          ; 0              ; 0              ; 1            ;
; State.S_16_3   ; 1            ; 0            ; 0            ; 0          ; 0          ; 0            ; 0            ; 0          ; 0          ; 0          ; 0            ; 0            ; 0          ; 0          ; 0          ; 0          ; 0          ; 0          ; 0          ; 0            ; 0            ; 0          ; 0              ; 0              ; 1            ;
+----------------+--------------+--------------+--------------+------------+------------+--------------+--------------+------------+------------+------------+--------------+--------------+------------+------------+------------+------------+------------+------------+------------+--------------+--------------+------------+----------------+----------------+--------------+


+------------------------------------------------------------+
; Registers Removed During Synthesis                         ;
+---------------------------------------+--------------------+
; Register name                         ; Reason for Removal ;
+---------------------------------------+--------------------+
; processor:CPU|ISDU:control|State~4    ; Lost fanout        ;
; processor:CPU|ISDU:control|State~5    ; Lost fanout        ;
; processor:CPU|ISDU:control|State~6    ; Lost fanout        ;
; processor:CPU|ISDU:control|State~7    ; Lost fanout        ;
; processor:CPU|ISDU:control|State~8    ; Lost fanout        ;
; processor:CPU|ISDU:control|State~9    ; Lost fanout        ;
; Total Number of Removed Registers = 6 ;                    ;
+---------------------------------------+--------------------+


+------------------------------------------------------+
; General Register Statistics                          ;
+----------------------------------------------+-------+
; Statistic                                    ; Value ;
+----------------------------------------------+-------+
; Total registers                              ; 237   ;
; Number of registers using Synchronous Clear  ; 18    ;
; Number of registers using Synchronous Load   ; 0     ;
; Number of registers using Asynchronous Clear ; 41    ;
; Number of registers using Asynchronous Load  ; 0     ;
; Number of registers using Clock Enable       ; 194   ;
; Number of registers using Preset             ; 0     ;
+----------------------------------------------+-------+


+-------------------------------------------------------------------------------------------------------------------------------------------------------------------+
; Multiplexer Restructuring Statistics (Restructuring Performed)                                                                                                    ;
+--------------------+-----------+---------------+----------------------+------------------------+------------+-----------------------------------------------------+
; Multiplexer Inputs ; Bus Width ; Baseline Area ; Area if Restructured ; Saving if Restructured ; Registered ; Example Multiplexer Output                          ;
+--------------------+-----------+---------------+----------------------+------------------------+------------+-----------------------------------------------------+
; 3:1                ; 16 bits   ; 32 LEs        ; 16 LEs               ; 16 LEs                 ; Yes        ; |SLC3|processor:CPU|reg_16:IR|R[2]                  ;
; 3:1                ; 16 bits   ; 32 LEs        ; 16 LEs               ; 16 LEs                 ; Yes        ; |SLC3|processor:CPU|reg_16:MAR|R[13]                ;
; 3:1                ; 16 bits   ; 32 LEs        ; 16 LEs               ; 16 LEs                 ; Yes        ; |SLC3|processor:CPU|regfile:REGFILE|reg_16:R0|R[0]  ;
; 3:1                ; 16 bits   ; 32 LEs        ; 16 LEs               ; 16 LEs                 ; Yes        ; |SLC3|processor:CPU|regfile:REGFILE|reg_16:R1|R[9]  ;
; 3:1                ; 16 bits   ; 32 LEs        ; 16 LEs               ; 16 LEs                 ; Yes        ; |SLC3|processor:CPU|regfile:REGFILE|reg_16:R2|R[3]  ;
; 3:1                ; 16 bits   ; 32 LEs        ; 16 LEs               ; 16 LEs                 ; Yes        ; |SLC3|processor:CPU|regfile:REGFILE|reg_16:R3|R[11] ;
; 3:1                ; 16 bits   ; 32 LEs        ; 16 LEs               ; 16 LEs                 ; Yes        ; |SLC3|processor:CPU|regfile:REGFILE|reg_16:R4|R[14] ;
; 3:1                ; 16 bits   ; 32 LEs        ; 16 LEs               ; 16 LEs                 ; Yes        ; |SLC3|processor:CPU|regfile:REGFILE|reg_16:R5|R[14] ;
; 3:1                ; 16 bits   ; 32 LEs        ; 16 LEs               ; 16 LEs                 ; Yes        ; |SLC3|processor:CPU|regfile:REGFILE|reg_16:R6|R[1]  ;
; 3:1                ; 16 bits   ; 32 LEs        ; 16 LEs               ; 16 LEs                 ; Yes        ; |SLC3|processor:CPU|regfile:REGFILE|reg_16:R7|R[15] ;
; 4:1                ; 2 bits    ; 4 LEs         ; 2 LEs                ; 2 LEs                  ; Yes        ; |SLC3|processor:CPU|reg_3:NZP_reg|R[0]              ;
; 3:1                ; 16 bits   ; 32 LEs        ; 32 LEs               ; 0 LEs                  ; Yes        ; |SLC3|processor:CPU|reg_16:MDR|R[7]                 ;
; 6:1                ; 16 bits   ; 64 LEs        ; 48 LEs               ; 16 LEs                 ; Yes        ; |SLC3|processor:CPU|reg_16:PC|R[8]                  ;
; 3:1                ; 2 bits    ; 4 LEs         ; 4 LEs                ; 0 LEs                  ; No         ; |SLC3|processor:CPU|mux_4x1:ADDR2MUX_mux|Mux6       ;
; 4:1                ; 16 bits   ; 32 LEs        ; 32 LEs               ; 0 LEs                  ; No         ; |SLC3|processor:CPU|ALU_K:ALU|Mux1                  ;
; 8:1                ; 16 bits   ; 80 LEs        ; 80 LEs               ; 0 LEs                  ; No         ; |SLC3|processor:CPU|regfile:REGFILE|Mux9            ;
; 9:1                ; 16 bits   ; 96 LEs        ; 96 LEs               ; 0 LEs                  ; No         ; |SLC3|processor:CPU|mux_2x1:SR2MUX_mux|Out[0]       ;
+--------------------+-----------+---------------+----------------------+------------------------+------------+-----------------------------------------------------+


+---------------------------------------------+
; Port Connectivity Checks: "Mem2IO:MEMIO"    ;
+-----------+-------+----------+--------------+
; Port      ; Type  ; Severity ; Details      ;
+-----------+-------+----------+--------------+
; A[19..16] ; Input ; Info     ; Stuck at GND ;
+-----------+-------+----------+--------------+


+----------------------------------------------------------------+
; Port Connectivity Checks: "processor:CPU|mux_4x1:ADDR2MUX_mux" ;
+------+-------+----------+--------------------------------------+
; Port ; Type  ; Severity ; Details                              ;
+------+-------+----------+--------------------------------------+
; In3  ; Input ; Info     ; Stuck at GND                         ;
+------+-------+----------+--------------------------------------+


+--------------------------------------------------------------------------------------------------------------------------------------------------------------------------------+
; Port Connectivity Checks: "processor:CPU|mux_4x1:DRMUX_mux"                                                                                                                    ;
+------------+--------+----------+-----------------------------------------------------------------------------------------------------------------------------------------------+
; Port       ; Type   ; Severity ; Details                                                                                                                                       ;
+------------+--------+----------+-----------------------------------------------------------------------------------------------------------------------------------------------+
; In0        ; Input  ; Warning  ; Input port expression (3 bits) is smaller than the input port (16 bits) it drives.  Extra input bit(s) "In0[15..3]" will be connected to GND. ;
; In1        ; Input  ; Warning  ; Input port expression (3 bits) is smaller than the input port (16 bits) it drives.  Extra input bit(s) "In1[15..3]" will be connected to GND. ;
; In1[2..1]  ; Input  ; Info     ; Stuck at VCC                                                                                                                                  ;
; In1[13]    ; Input  ; Info     ; Stuck at GND                                                                                                                                  ;
; In2        ; Input  ; Warning  ; Input port expression (3 bits) is smaller than the input port (16 bits) it drives.  Extra input bit(s) "In2[15..3]" will be connected to GND. ;
; In2        ; Input  ; Info     ; Stuck at VCC                                                                                                                                  ;
; In3        ; Input  ; Warning  ; Input port expression (3 bits) is smaller than the input port (16 bits) it drives.  Extra input bit(s) "In3[15..3]" will be connected to GND. ;
; In3        ; Input  ; Info     ; Stuck at GND                                                                                                                                  ;
; Out[15..3] ; Output ; Info     ; Connected to dangling logic. Logic that only feeds a dangling port will be removed.                                                           ;
+------------+--------+----------+-----------------------------------------------------------------------------------------------------------------------------------------------+


+--------------------------------------------------------------------------------------------------------------------------------------------------------------------------------+
; Port Connectivity Checks: "processor:CPU|mux_4x1:SR1MUX_mux"                                                                                                                   ;
+------------+--------+----------+-----------------------------------------------------------------------------------------------------------------------------------------------+
; Port       ; Type   ; Severity ; Details                                                                                                                                       ;
+------------+--------+----------+-----------------------------------------------------------------------------------------------------------------------------------------------+
; In0        ; Input  ; Warning  ; Input port expression (3 bits) is smaller than the input port (16 bits) it drives.  Extra input bit(s) "In0[15..3]" will be connected to GND. ;
; In1        ; Input  ; Warning  ; Input port expression (3 bits) is smaller than the input port (16 bits) it drives.  Extra input bit(s) "In1[15..3]" will be connected to GND. ;
; In2        ; Input  ; Warning  ; Input port expression (3 bits) is smaller than the input port (16 bits) it drives.  Extra input bit(s) "In2[15..3]" will be connected to GND. ;
; In2[2..1]  ; Input  ; Info     ; Stuck at VCC                                                                                                                                  ;
; In2[13]    ; Input  ; Info     ; Stuck at GND                                                                                                                                  ;
; In3        ; Input  ; Warning  ; Input port expression (3 bits) is smaller than the input port (16 bits) it drives.  Extra input bit(s) "In3[15..3]" will be connected to GND. ;
; In3        ; Input  ; Info     ; Stuck at GND                                                                                                                                  ;
; Out[15..3] ; Output ; Info     ; Connected to dangling logic. Logic that only feeds a dangling port will be removed.                                                           ;
+------------+--------+----------+-----------------------------------------------------------------------------------------------------------------------------------------------+


+--------------------------------------------------------------+
; Port Connectivity Checks: "processor:CPU|mux_2x1:MARMUX_mux" ;
+------------+-------+----------+------------------------------+
; Port       ; Type  ; Severity ; Details                      ;
+------------+-------+----------+------------------------------+
; In0[15..8] ; Input ; Info     ; Stuck at GND                 ;
+------------+-------+----------+------------------------------+


+-----------------------------------------------------------------------------------------------------------------+
; Port Connectivity Checks: "processor:CPU|carry_select_adder_16:PC_adder"                                        ;
+-------+--------+----------+-------------------------------------------------------------------------------------+
; Port  ; Type   ; Severity ; Details                                                                             ;
+-------+--------+----------+-------------------------------------------------------------------------------------+
; B     ; Input  ; Info     ; Stuck at GND                                                                        ;
; c_in  ; Input  ; Info     ; Stuck at VCC                                                                        ;
; c_out ; Output ; Info     ; Connected to dangling logic. Logic that only feeds a dangling port will be removed. ;
+-------+--------+----------+-------------------------------------------------------------------------------------+


+----------------------------------------------------------+
; Port Connectivity Checks: "processor:CPU|mux_4x1:PC_mux" ;
+------+-------+----------+--------------------------------+
; Port ; Type  ; Severity ; Details                        ;
+------+-------+----------+--------------------------------+
; In3  ; Input ; Info     ; Stuck at GND                   ;
+------+-------+----------+--------------------------------+


+------------------------------------------------------------------------------------------------------------------+
; Port Connectivity Checks: "processor:CPU"                                                                        ;
+--------+--------+----------+-------------------------------------------------------------------------------------+
; Port   ; Type   ; Severity ; Details                                                                             ;
+--------+--------+----------+-------------------------------------------------------------------------------------+
; IR_val ; Output ; Info     ; Connected to dangling logic. Logic that only feeds a dangling port will be removed. ;
+--------+--------+----------+-------------------------------------------------------------------------------------+


+-----------------------------------------------------+
; Post-Synthesis Netlist Statistics for Top Partition ;
+-----------------------+-----------------------------+
; Type                  ; Count                       ;
+-----------------------+-----------------------------+
; boundary_port         ; 101                         ;
; cycloneiii_ff         ; 237                         ;
;     CLR               ; 25                          ;
;     ENA               ; 178                         ;
;     ENA CLR           ; 16                          ;
;     SCLR              ; 18                          ;
; cycloneiii_io_obuf    ; 16                          ;
; cycloneiii_lcell_comb ; 553                         ;
;     arith             ; 45                          ;
;         2 data inputs ; 15                          ;
;         3 data inputs ; 30                          ;
;     normal            ; 508                         ;
;         0 data inputs ; 1                           ;
;         1 data inputs ; 6                           ;
;         2 data inputs ; 35                          ;
;         3 data inputs ; 80                          ;
;         4 data inputs ; 386                         ;
;                       ;                             ;
; Max LUT depth         ; 14.10                       ;
; Average LUT depth     ; 9.47                        ;
+-----------------------+-----------------------------+


+-------------------------------+
; Elapsed Time Per Partition    ;
+----------------+--------------+
; Partition Name ; Elapsed Time ;
+----------------+--------------+
; Top            ; 00:00:02     ;
+----------------+--------------+


+-------------------------------+
; Analysis & Synthesis Messages ;
+-------------------------------+
Info: *******************************************************************
Info: Running Quartus II 64-Bit Analysis & Synthesis
    Info: Version 14.1.0 Build 186 12/03/2014 SJ Web Edition
    Info: Processing started: Tue Mar 03 16:07:21 2015
Info: Command: quartus_map --read_settings_files=on --write_settings_files=off ECE385Lab6 -c ECE385Lab6
Warning (20028): Parallel compilation is not licensed and has been disabled
Info (12021): Found 1 design units, including 1 entities, in source file alu_k.sv
    Info (12023): Found entity 1: ALU_K
Info (12021): Found 1 design units, including 1 entities, in source file sext11.sv
    Info (12023): Found entity 1: SEXT11
Info (12021): Found 1 design units, including 1 entities, in source file sext9.sv
    Info (12023): Found entity 1: SEXT9
Info (12021): Found 1 design units, including 1 entities, in source file sext6.sv
    Info (12023): Found entity 1: SEXT6
Info (12021): Found 1 design units, including 1 entities, in source file sext5.sv
    Info (12023): Found entity 1: SEXT5
Info (12021): Found 1 design units, including 1 entities, in source file regfile.sv
    Info (12023): Found entity 1: regfile
Info (12021): Found 1 design units, including 1 entities, in source file reg_3.sv
    Info (12023): Found entity 1: reg_3
Info (12021): Found 1 design units, including 1 entities, in source file reg_1.sv
    Info (12023): Found entity 1: reg_1
Info (12021): Found 1 design units, including 1 entities, in source file nzp_logic.sv
    Info (12023): Found entity 1: nzp_logic
Info (12021): Found 1 design units, including 1 entities, in source file testbench.sv
    Info (12023): Found entity 1: testbench
Info (12021): Found 1 design units, including 1 entities, in source file tri_buffer_16.sv
    Info (12023): Found entity 1: tri_buffer_16
Info (12021): Found 2 design units, including 1 entities, in source file test_memory.sv
    Info (12022): Found design unit 1: SLC3_2 (SystemVerilog)
    Info (12023): Found entity 1: test_memory
Info (12021): Found 0 design units, including 0 entities, in source file slc3_2.sv
Info (12021): Found 1 design units, including 1 entities, in source file slc3.sv
    Info (12023): Found entity 1: SLC3
Info (12021): Found 1 design units, including 1 entities, in source file reg_16.sv
    Info (12023): Found entity 1: reg_16
Info (12021): Found 1 design units, including 1 entities, in source file processor.sv
    Info (12023): Found entity 1: processor
Info (12021): Found 1 design units, including 1 entities, in source file mux_4x1.sv
    Info (12023): Found entity 1: mux_4x1
Info (12021): Found 1 design units, including 1 entities, in source file mux_2x1.sv
    Info (12023): Found entity 1: mux_2x1
Info (12021): Found 1 design units, including 1 entities, in source file mem2io.sv
    Info (12023): Found entity 1: Mem2IO
Info (12021): Found 1 design units, including 1 entities, in source file isdu.sv
    Info (12023): Found entity 1: ISDU
Info (12021): Found 1 design units, including 1 entities, in source file hexdriver.sv
    Info (12023): Found entity 1: HexDriver
Info (12021): Found 1 design units, including 1 entities, in source file carry_select_adder_16.sv
    Info (12023): Found entity 1: carry_select_adder_16
Info (12127): Elaborating entity "SLC3" for the top level hierarchy
Info (12128): Elaborating entity "processor" for hierarchy "processor:CPU"
Info (12128): Elaborating entity "ISDU" for hierarchy "processor:CPU|ISDU:control"
Info (10264): Verilog HDL Case Statement information at ISDU.sv(73): all case item expressions in this case statement are onehot
Info (10264): Verilog HDL Case Statement information at ISDU.sv(182): all case item expressions in this case statement are onehot
Info (12128): Elaborating entity "reg_16" for hierarchy "processor:CPU|reg_16:IR"
Info (12128): Elaborating entity "mux_4x1" for hierarchy "processor:CPU|mux_4x1:PC_mux"
Info (12128): Elaborating entity "tri_buffer_16" for hierarchy "processor:CPU|tri_buffer_16:pc_gate"
Info (12128): Elaborating entity "carry_select_adder_16" for hierarchy "processor:CPU|carry_select_adder_16:PC_adder"
Info (12128): Elaborating entity "mux_2x1" for hierarchy "processor:CPU|mux_2x1:MARMUX_mux"
Info (12128): Elaborating entity "nzp_logic" for hierarchy "processor:CPU|nzp_logic:NZP_logic"
Info (12128): Elaborating entity "reg_3" for hierarchy "processor:CPU|reg_3:NZP_reg"
Info (12128): Elaborating entity "reg_1" for hierarchy "processor:CPU|reg_1:BEN_reg"
Info (12128): Elaborating entity "regfile" for hierarchy "processor:CPU|regfile:REGFILE"
Info (12128): Elaborating entity "ALU_K" for hierarchy "processor:CPU|ALU_K:ALU"
Info (12128): Elaborating entity "SEXT11" for hierarchy "processor:CPU|SEXT11:sext_11"
Info (12128): Elaborating entity "SEXT9" for hierarchy "processor:CPU|SEXT9:sext_9"
Info (12128): Elaborating entity "SEXT6" for hierarchy "processor:CPU|SEXT6:sext_6"
Info (12128): Elaborating entity "SEXT5" for hierarchy "processor:CPU|SEXT5:sext_5"
Info (12128): Elaborating entity "Mem2IO" for hierarchy "Mem2IO:MEMIO"
Info (12128): Elaborating entity "HexDriver" for hierarchy "HexDriver:out0"
Warning (12241): 2 hierarchies have connectivity warnings - see the Connectivity Checks report folder
Warning (13046): Tri-state node(s) do not directly drive top-level pin(s)
    Warning (13047): Converted the fan-out from the tri-state buffer "processor:CPU|tri_buffer_16:pc_gate|Out[0]" to the node "processor:CPU|nzp_logic:NZP_logic|Equal0" into an OR gate
    Warning (13047): Converted the fan-out from the tri-state buffer "processor:CPU|tri_buffer_16:pc_gate|Out[1]" to the node "processor:CPU|nzp_logic:NZP_logic|Equal0" into an OR gate
    Warning (13047): Converted the fan-out from the tri-state buffer "processor:CPU|tri_buffer_16:pc_gate|Out[2]" to the node "processor:CPU|nzp_logic:NZP_logic|Equal0" into an OR gate
    Warning (13047): Converted the fan-out from the tri-state buffer "processor:CPU|tri_buffer_16:pc_gate|Out[3]" to the node "processor:CPU|nzp_logic:NZP_logic|Equal0" into an OR gate
    Warning (13047): Converted the fan-out from the tri-state buffer "processor:CPU|tri_buffer_16:pc_gate|Out[4]" to the node "processor:CPU|nzp_logic:NZP_logic|Equal0" into an OR gate
    Warning (13047): Converted the fan-out from the tri-state buffer "processor:CPU|tri_buffer_16:pc_gate|Out[5]" to the node "processor:CPU|nzp_logic:NZP_logic|Equal0" into an OR gate
    Warning (13047): Converted the fan-out from the tri-state buffer "processor:CPU|tri_buffer_16:pc_gate|Out[6]" to the node "processor:CPU|nzp_logic:NZP_logic|Equal0" into an OR gate
    Warning (13047): Converted the fan-out from the tri-state buffer "processor:CPU|tri_buffer_16:pc_gate|Out[7]" to the node "processor:CPU|nzp_logic:NZP_logic|Equal0" into an OR gate
    Warning (13047): Converted the fan-out from the tri-state buffer "processor:CPU|tri_buffer_16:pc_gate|Out[8]" to the node "processor:CPU|nzp_logic:NZP_logic|Equal0" into an OR gate
    Warning (13047): Converted the fan-out from the tri-state buffer "processor:CPU|tri_buffer_16:pc_gate|Out[9]" to the node "processor:CPU|nzp_logic:NZP_logic|Equal0" into an OR gate
    Warning (13047): Converted the fan-out from the tri-state buffer "processor:CPU|tri_buffer_16:pc_gate|Out[10]" to the node "processor:CPU|nzp_logic:NZP_logic|Equal0" into an OR gate
    Warning (13047): Converted the fan-out from the tri-state buffer "processor:CPU|tri_buffer_16:pc_gate|Out[11]" to the node "processor:CPU|nzp_logic:NZP_logic|Equal0" into an OR gate
    Warning (13047): Converted the fan-out from the tri-state buffer "processor:CPU|tri_buffer_16:pc_gate|Out[12]" to the node "processor:CPU|nzp_logic:NZP_logic|Equal0" into an OR gate
    Warning (13047): Converted the fan-out from the tri-state buffer "processor:CPU|tri_buffer_16:pc_gate|Out[13]" to the node "processor:CPU|nzp_logic:NZP_logic|Equal0" into an OR gate
    Warning (13047): Converted the fan-out from the tri-state buffer "processor:CPU|tri_buffer_16:pc_gate|Out[14]" to the node "processor:CPU|nzp_logic:NZP_logic|Equal0" into an OR gate
    Warning (13047): Converted the fan-out from the tri-state buffer "processor:CPU|tri_buffer_16:pc_gate|Out[15]" to the node "processor:CPU|reg_16:PC|R" into an OR gate
Warning (13024): Output pins are stuck at VCC or GND
    Warning (13410): Pin "A[16]" is stuck at GND
    Warning (13410): Pin "A[17]" is stuck at GND
    Warning (13410): Pin "A[18]" is stuck at GND
    Warning (13410): Pin "A[19]" is stuck at GND
    Warning (13410): Pin "CE_out" is stuck at GND
    Warning (13410): Pin "UB_out" is stuck at GND
    Warning (13410): Pin "LB_out" is stuck at GND
Info (286030): Timing-Driven Synthesis is running
Info (17049): 6 registers lost all their fanouts during netlist optimizations.
Info (144001): Generated suppressed messages file C:/Users/Sunny/Documents/GitHub/ECE385Lab6/output_files/ECE385Lab6.map.smsg
Info (16010): Generating hard_block partition "hard_block:auto_generated_inst"
    Info (16011): Adding 0 node(s), including 0 DDIO, 0 PLL, 0 transceiver and 0 LCELL
Info (21057): Implemented 851 device resources after synthesis - the final resource count might be different
    Info (21058): Implemented 20 input pins
    Info (21059): Implemented 65 output pins
    Info (21060): Implemented 16 bidirectional pins
    Info (21061): Implemented 750 logic cells
Info: Quartus II 64-Bit Analysis & Synthesis was successful. 0 errors, 27 warnings
    Info: Peak virtual memory: 617 megabytes
    Info: Processing ended: Tue Mar 03 16:07:36 2015
    Info: Elapsed time: 00:00:15
    Info: Total CPU time (on all processors): 00:00:33


+------------------------------------------+
; Analysis & Synthesis Suppressed Messages ;
+------------------------------------------+
The suppressed messages can be found in C:/Users/Sunny/Documents/GitHub/ECE385Lab6/output_files/ECE385Lab6.map.smsg.


